<?xml version="1.0" encoding="UTF-8"?>
<testsuites name="jest tests" tests="10" failures="0" errors="0" time="0.686">
  <testsuite name="convertIso2ToIso3" errors="0" failures="0" skipped="0" timestamp="2023-01-27T11:19:30" time="0.649" tests="10">
    <testcase classname="convertIso2ToIso3 should convert ISO2 to ISO3" name="convertIso2ToIso3 should convert ISO2 to ISO3" time="0.001">
    </testcase>
    <testcase classname="convertIso2ToIso3 should throw an error if the ISO2 code is invalid" name="convertIso2ToIso3 should throw an error if the ISO2 code is invalid" time="0.006">
    </testcase>
    <testcase classname="convertIso3ToIso2 should convert ISO3 to ISO2" name="convertIso3ToIso2 should convert ISO3 to ISO2" time="0">
    </testcase>
    <testcase classname="convertIso3ToIso2 should throw an error if the ISO3 code is invalid" name="convertIso3ToIso2 should throw an error if the ISO3 code is invalid" time="0">
    </testcase>
    <testcase classname="detectedIsoFormat should detect ISO2" name="detectedIsoFormat should detect ISO2" time="0">
    </testcase>
    <testcase classname="detectedIsoFormat should detect ISO3" name="detectedIsoFormat should detect ISO3" time="0">
    </testcase>
    <testcase classname="detectedIsoFormat should throw an error if the ISO code is invalid" name="detectedIsoFormat should throw an error if the ISO code is invalid" time="0">
    </testcase>
    <testcase classname="convertIso should convert ISO2 to ISO3" name="convertIso should convert ISO2 to ISO3" time="0">
    </testcase>
    <testcase classname="convertIso should convert ISO3 to ISO2" name="convertIso should convert ISO3 to ISO2" time="0">
    </testcase>
    <testcase classname="convertIso should throw an error if the ISO code is invalid" name="convertIso should throw an error if the ISO code is invalid" time="0">
    </testcase>
  </testsuite>
</testsuites>